  ▲ Next.js 14.2.14

   Creating an optimized production build ...
 ✓ Compiled successfully
   Linting and checking validity of types ...
